********************************************************************************
Obsolete PIO Core v5.0.1 is used (previous was 5.0.2b2)
Please remove multiple PIO Cores from a system:
https://docs.platformio.org/page/faq.html#multiple-platformio-cores-in-a-system
********************************************************************************
DEPRECATED! A legacy library storage `/home/antonio/github/ardvga/.piolibdeps` has been found in a project. 
Please declare project dependencies in `platformio.ini` file using `lib_deps` option and remove `/home/antonio/github/ardvga/.piolibdeps` folder.
More details -> https://docs.platformio.org/page/projectconf/section_env_library.html#lib-deps
Processing MightyCore (platform: atmelavr; framework: arduino; board: ATmega1284P; board_build.f_cpu: 27000000L; board_hardware.oscillator: external; board_hardware.uart: uart0; board_hardware.bod: 2.7v; board_hardware.eesave: yes; board_upload.speed: 115200; board_build.variant: standard; build_flags: ; monitor_speed: 115200; lib_extra_dirs: /home/antonio/github/ardvga/.piolibdeps)
--------------------------------------------------------------------------------
CONFIGURATION: https://docs.platformio.org/page/boards/atmelavr/ATmega1284P.html
PLATFORM: Atmel AVR (2.2.0) > ATmega1284P
HARDWARE: ATMEGA1284P 27MHz, 16KB RAM, 127KB Flash
DEBUG: Current (simavr) On-board (simavr)
PACKAGES: 
 - framework-arduino-avr-mightycore 2.0.5 
 - toolchain-atmelavr 1.50400.190710 (5.4.0)
LDF: Library Dependency Finder -> http://bit.ly/configure-pio-ldf
LDF Modes: Finder ~ chain, Compatibility ~ soft
Found 13 compatible libraries
Scanning dependencies...
No dependencies
Building in release mode
avr-g++ -o .pio/build/MightyCore/src/ardvga.cpp.o -c -fno-exceptions -fno-threadsafe-statics -fpermissive -std=gnu++11 -Os -Wall -ffunction-sections -fdata-sections -flto -mmcu=atmega1284p -DPLATFORMIO=50001 -DARDUINO_AVR_ATmega1284 -DF_CPU=27000000L -DARDUINO_ARCH_AVR -DARDUINO=10808 -Isrc -I/home/antonio/.platformio/packages/framework-arduino-avr-mightycore/cores/MightyCore -I/home/antonio/.platformio/packages/framework-arduino-avr-mightycore/variants/standard src/ardvga.cpp
avr-gcc-ar rc .pio/build/MightyCore/libFrameworkArduinoVariant.a
avr-gcc-ranlib .pio/build/MightyCore/libFrameworkArduinoVariant.a
avr-g++ -o .pio/build/MightyCore/FrameworkArduino/CDC.cpp.o -c -fno-exceptions -fno-threadsafe-statics -fpermissive -std=gnu++11 -Os -Wall -ffunction-sections -fdata-sections -flto -mmcu=atmega1284p -DPLATFORMIO=50001 -DARDUINO_AVR_ATmega1284 -DF_CPU=27000000L -DARDUINO_ARCH_AVR -DARDUINO=10808 -I/home/antonio/.platformio/packages/framework-arduino-avr-mightycore/cores/MightyCore -I/home/antonio/.platformio/packages/framework-arduino-avr-mightycore/variants/standard /home/antonio/.platformio/packages/framework-arduino-avr-mightycore/cores/MightyCore/CDC.cpp
src/ardvga.cpp:5:47: warning: "/*" within comment [-Wcomment]
       if (ardvga::hLine > (ardvga::sndFreq / 2/*^(255/vol) o (1<<vol)))*/
                                               ^
avr-g++ -o .pio/build/MightyCore/FrameworkArduino/HardwareSerial.cpp.o -c -fno-exceptions -fno-threadsafe-statics -fpermissive -std=gnu++11 -Os -Wall -ffunction-sections -fdata-sections -flto -mmcu=atmega1284p -DPLATFORMIO=50001 -DARDUINO_AVR_ATmega1284 -DF_CPU=27000000L -DARDUINO_ARCH_AVR -DARDUINO=10808 -I/home/antonio/.platformio/packages/framework-arduino-avr-mightycore/cores/MightyCore -I/home/antonio/.platformio/packages/framework-arduino-avr-mightycore/variants/standard /home/antonio/.platformio/packages/framework-arduino-avr-mightycore/cores/MightyCore/HardwareSerial.cpp
avr-g++ -o .pio/build/MightyCore/FrameworkArduino/HardwareSerial0.cpp.o -c -fno-exceptions -fno-threadsafe-statics -fpermissive -std=gnu++11 -Os -Wall -ffunction-sections -fdata-sections -flto -mmcu=atmega1284p -DPLATFORMIO=50001 -DARDUINO_AVR_ATmega1284 -DF_CPU=27000000L -DARDUINO_ARCH_AVR -DARDUINO=10808 -I/home/antonio/.platformio/packages/framework-arduino-avr-mightycore/cores/MightyCore -I/home/antonio/.platformio/packages/framework-arduino-avr-mightycore/variants/standard /home/antonio/.platformio/packages/framework-arduino-avr-mightycore/cores/MightyCore/HardwareSerial0.cpp
avr-g++ -o .pio/build/MightyCore/FrameworkArduino/HardwareSerial1.cpp.o -c -fno-exceptions -fno-threadsafe-statics -fpermissive -std=gnu++11 -Os -Wall -ffunction-sections -fdata-sections -flto -mmcu=atmega1284p -DPLATFORMIO=50001 -DARDUINO_AVR_ATmega1284 -DF_CPU=27000000L -DARDUINO_ARCH_AVR -DARDUINO=10808 -I/home/antonio/.platformio/packages/framework-arduino-avr-mightycore/cores/MightyCore -I/home/antonio/.platformio/packages/framework-arduino-avr-mightycore/variants/standard /home/antonio/.platformio/packages/framework-arduino-avr-mightycore/cores/MightyCore/HardwareSerial1.cpp
avr-g++ -o .pio/build/MightyCore/FrameworkArduino/HardwareSerial2.cpp.o -c -fno-exceptions -fno-threadsafe-statics -fpermissive -std=gnu++11 -Os -Wall -ffunction-sections -fdata-sections -flto -mmcu=atmega1284p -DPLATFORMIO=50001 -DARDUINO_AVR_ATmega1284 -DF_CPU=27000000L -DARDUINO_ARCH_AVR -DARDUINO=10808 -I/home/antonio/.platformio/packages/framework-arduino-avr-mightycore/cores/MightyCore -I/home/antonio/.platformio/packages/framework-arduino-avr-mightycore/variants/standard /home/antonio/.platformio/packages/framework-arduino-avr-mightycore/cores/MightyCore/HardwareSerial2.cpp
src/ardvga.cpp: In static member function 'static bool ardvga::setResolution(uint8_t, uint8_t)':
src/ardvga.cpp:117:76: warning: suggest parentheses around assignment used as truth value [-Wparentheses]
   if (bitmask = (uint8_t *)malloc(((height * 8) * width) * sizeof(uint8_t)))
                                                                            ^
src/ardvga.cpp:118:75: warning: suggest parentheses around assignment used as truth value [-Wparentheses]
     if (attributes = (uint8_t *)malloc((height * width) * sizeof(uint8_t)))
                                                                           ^
src/ardvga.cpp: In static member function 'static bool ardvga::plot(uint16_t, uint16_t)':
src/ardvga.cpp:640:21: warning: comparison between signed and unsigned integer expressions [-Wsign-compare]
   if ((x < 0) || (x > horizontalTop) || (y < 0) || (y > verticalTop))
                     ^
src/ardvga.cpp:640:55: warning: comparison between signed and unsigned integer expressions [-Wsign-compare]
   if ((x < 0) || (x > horizontalTop) || (y < 0) || (y > verticalTop))
                                                       ^
src/ardvga.cpp: In static member function 'static bool ardvga::cplot(uint16_t, uint16_t)':
src/ardvga.cpp:679:21: warning: comparison between signed and unsigned integer expressions [-Wsign-compare]
   if ((x < 0) || (x > horizontalTop) || (y < 0) || (y > verticalTop))
                     ^
src/ardvga.cpp:679:55: warning: comparison between signed and unsigned integer expressions [-Wsign-compare]
   if ((x < 0) || (x > horizontalTop) || (y < 0) || (y > verticalTop))
                                                       ^
avr-g++ -o .pio/build/MightyCore/FrameworkArduino/HardwareSerial3.cpp.o -c -fno-exceptions -fno-threadsafe-statics -fpermissive -std=gnu++11 -Os -Wall -ffunction-sections -fdata-sections -flto -mmcu=atmega1284p -DPLATFORMIO=50001 -DARDUINO_AVR_ATmega1284 -DF_CPU=27000000L -DARDUINO_ARCH_AVR -DARDUINO=10808 -I/home/antonio/.platformio/packages/framework-arduino-avr-mightycore/cores/MightyCore -I/home/antonio/.platformio/packages/framework-arduino-avr-mightycore/variants/standard /home/antonio/.platformio/packages/framework-arduino-avr-mightycore/cores/MightyCore/HardwareSerial3.cpp
src/ardvga.cpp: In static member function 'static bool ardvga::setCursor(uint8_t, uint8_t)':
src/ardvga.cpp:585:1: warning: control reaches end of non-void function [-Wreturn-type]
 }
 ^
src/ardvga.cpp: In static member function 'static uint8_t ardvga::vFreq(uint8_t)':
src/ardvga.cpp:633:1: warning: control reaches end of non-void function [-Wreturn-type]
 }
 ^
avr-g++ -o .pio/build/MightyCore/FrameworkArduino/IPAddress.cpp.o -c -fno-exceptions -fno-threadsafe-statics -fpermissive -std=gnu++11 -Os -Wall -ffunction-sections -fdata-sections -flto -mmcu=atmega1284p -DPLATFORMIO=50001 -DARDUINO_AVR_ATmega1284 -DF_CPU=27000000L -DARDUINO_ARCH_AVR -DARDUINO=10808 -I/home/antonio/.platformio/packages/framework-arduino-avr-mightycore/cores/MightyCore -I/home/antonio/.platformio/packages/framework-arduino-avr-mightycore/variants/standard /home/antonio/.platformio/packages/framework-arduino-avr-mightycore/cores/MightyCore/IPAddress.cpp
avr-g++ -o .pio/build/MightyCore/FrameworkArduino/PluggableUSB.cpp.o -c -fno-exceptions -fno-threadsafe-statics -fpermissive -std=gnu++11 -Os -Wall -ffunction-sections -fdata-sections -flto -mmcu=atmega1284p -DPLATFORMIO=50001 -DARDUINO_AVR_ATmega1284 -DF_CPU=27000000L -DARDUINO_ARCH_AVR -DARDUINO=10808 -I/home/antonio/.platformio/packages/framework-arduino-avr-mightycore/cores/MightyCore -I/home/antonio/.platformio/packages/framework-arduino-avr-mightycore/variants/standard /home/antonio/.platformio/packages/framework-arduino-avr-mightycore/cores/MightyCore/PluggableUSB.cpp
avr-g++ -o .pio/build/MightyCore/FrameworkArduino/Print.cpp.o -c -fno-exceptions -fno-threadsafe-statics -fpermissive -std=gnu++11 -Os -Wall -ffunction-sections -fdata-sections -flto -mmcu=atmega1284p -DPLATFORMIO=50001 -DARDUINO_AVR_ATmega1284 -DF_CPU=27000000L -DARDUINO_ARCH_AVR -DARDUINO=10808 -I/home/antonio/.platformio/packages/framework-arduino-avr-mightycore/cores/MightyCore -I/home/antonio/.platformio/packages/framework-arduino-avr-mightycore/variants/standard /home/antonio/.platformio/packages/framework-arduino-avr-mightycore/cores/MightyCore/Print.cpp
avr-g++ -o .pio/build/MightyCore/FrameworkArduino/Stream.cpp.o -c -fno-exceptions -fno-threadsafe-statics -fpermissive -std=gnu++11 -Os -Wall -ffunction-sections -fdata-sections -flto -mmcu=atmega1284p -DPLATFORMIO=50001 -DARDUINO_AVR_ATmega1284 -DF_CPU=27000000L -DARDUINO_ARCH_AVR -DARDUINO=10808 -I/home/antonio/.platformio/packages/framework-arduino-avr-mightycore/cores/MightyCore -I/home/antonio/.platformio/packages/framework-arduino-avr-mightycore/variants/standard /home/antonio/.platformio/packages/framework-arduino-avr-mightycore/cores/MightyCore/Stream.cpp
avr-g++ -o .pio/build/MightyCore/FrameworkArduino/Tone.cpp.o -c -fno-exceptions -fno-threadsafe-statics -fpermissive -std=gnu++11 -Os -Wall -ffunction-sections -fdata-sections -flto -mmcu=atmega1284p -DPLATFORMIO=50001 -DARDUINO_AVR_ATmega1284 -DF_CPU=27000000L -DARDUINO_ARCH_AVR -DARDUINO=10808 -I/home/antonio/.platformio/packages/framework-arduino-avr-mightycore/cores/MightyCore -I/home/antonio/.platformio/packages/framework-arduino-avr-mightycore/variants/standard /home/antonio/.platformio/packages/framework-arduino-avr-mightycore/cores/MightyCore/Tone.cpp
avr-g++ -o .pio/build/MightyCore/FrameworkArduino/USBCore.cpp.o -c -fno-exceptions -fno-threadsafe-statics -fpermissive -std=gnu++11 -Os -Wall -ffunction-sections -fdata-sections -flto -mmcu=atmega1284p -DPLATFORMIO=50001 -DARDUINO_AVR_ATmega1284 -DF_CPU=27000000L -DARDUINO_ARCH_AVR -DARDUINO=10808 -I/home/antonio/.platformio/packages/framework-arduino-avr-mightycore/cores/MightyCore -I/home/antonio/.platformio/packages/framework-arduino-avr-mightycore/variants/standard /home/antonio/.platformio/packages/framework-arduino-avr-mightycore/cores/MightyCore/USBCore.cpp
avr-gcc -o .pio/build/MightyCore/FrameworkArduino/WInterrupts.c.o -c -std=gnu11 -fno-fat-lto-objects -Os -Wall -ffunction-sections -fdata-sections -flto -mmcu=atmega1284p -DPLATFORMIO=50001 -DARDUINO_AVR_ATmega1284 -DF_CPU=27000000L -DARDUINO_ARCH_AVR -DARDUINO=10808 -I/home/antonio/.platformio/packages/framework-arduino-avr-mightycore/cores/MightyCore -I/home/antonio/.platformio/packages/framework-arduino-avr-mightycore/variants/standard /home/antonio/.platformio/packages/framework-arduino-avr-mightycore/cores/MightyCore/WInterrupts.c
avr-g++ -o .pio/build/MightyCore/FrameworkArduino/WMath.cpp.o -c -fno-exceptions -fno-threadsafe-statics -fpermissive -std=gnu++11 -Os -Wall -ffunction-sections -fdata-sections -flto -mmcu=atmega1284p -DPLATFORMIO=50001 -DARDUINO_AVR_ATmega1284 -DF_CPU=27000000L -DARDUINO_ARCH_AVR -DARDUINO=10808 -I/home/antonio/.platformio/packages/framework-arduino-avr-mightycore/cores/MightyCore -I/home/antonio/.platformio/packages/framework-arduino-avr-mightycore/variants/standard /home/antonio/.platformio/packages/framework-arduino-avr-mightycore/cores/MightyCore/WMath.cpp
avr-g++ -o .pio/build/MightyCore/FrameworkArduino/WString.cpp.o -c -fno-exceptions -fno-threadsafe-statics -fpermissive -std=gnu++11 -Os -Wall -ffunction-sections -fdata-sections -flto -mmcu=atmega1284p -DPLATFORMIO=50001 -DARDUINO_AVR_ATmega1284 -DF_CPU=27000000L -DARDUINO_ARCH_AVR -DARDUINO=10808 -I/home/antonio/.platformio/packages/framework-arduino-avr-mightycore/cores/MightyCore -I/home/antonio/.platformio/packages/framework-arduino-avr-mightycore/variants/standard /home/antonio/.platformio/packages/framework-arduino-avr-mightycore/cores/MightyCore/WString.cpp
avr-g++ -o .pio/build/MightyCore/FrameworkArduino/abi.cpp.o -c -fno-exceptions -fno-threadsafe-statics -fpermissive -std=gnu++11 -Os -Wall -ffunction-sections -fdata-sections -flto -mmcu=atmega1284p -DPLATFORMIO=50001 -DARDUINO_AVR_ATmega1284 -DF_CPU=27000000L -DARDUINO_ARCH_AVR -DARDUINO=10808 -I/home/antonio/.platformio/packages/framework-arduino-avr-mightycore/cores/MightyCore -I/home/antonio/.platformio/packages/framework-arduino-avr-mightycore/variants/standard /home/antonio/.platformio/packages/framework-arduino-avr-mightycore/cores/MightyCore/abi.cpp
avr-gcc -o .pio/build/MightyCore/FrameworkArduino/hooks.c.o -c -std=gnu11 -fno-fat-lto-objects -Os -Wall -ffunction-sections -fdata-sections -flto -mmcu=atmega1284p -DPLATFORMIO=50001 -DARDUINO_AVR_ATmega1284 -DF_CPU=27000000L -DARDUINO_ARCH_AVR -DARDUINO=10808 -I/home/antonio/.platformio/packages/framework-arduino-avr-mightycore/cores/MightyCore -I/home/antonio/.platformio/packages/framework-arduino-avr-mightycore/variants/standard /home/antonio/.platformio/packages/framework-arduino-avr-mightycore/cores/MightyCore/hooks.c
avr-g++ -o .pio/build/MightyCore/FrameworkArduino/main.cpp.o -c -fno-exceptions -fno-threadsafe-statics -fpermissive -std=gnu++11 -Os -Wall -ffunction-sections -fdata-sections -flto -mmcu=atmega1284p -DPLATFORMIO=50001 -DARDUINO_AVR_ATmega1284 -DF_CPU=27000000L -DARDUINO_ARCH_AVR -DARDUINO=10808 -I/home/antonio/.platformio/packages/framework-arduino-avr-mightycore/cores/MightyCore -I/home/antonio/.platformio/packages/framework-arduino-avr-mightycore/variants/standard /home/antonio/.platformio/packages/framework-arduino-avr-mightycore/cores/MightyCore/main.cpp
avr-g++ -o .pio/build/MightyCore/FrameworkArduino/new.cpp.o -c -fno-exceptions -fno-threadsafe-statics -fpermissive -std=gnu++11 -Os -Wall -ffunction-sections -fdata-sections -flto -mmcu=atmega1284p -DPLATFORMIO=50001 -DARDUINO_AVR_ATmega1284 -DF_CPU=27000000L -DARDUINO_ARCH_AVR -DARDUINO=10808 -I/home/antonio/.platformio/packages/framework-arduino-avr-mightycore/cores/MightyCore -I/home/antonio/.platformio/packages/framework-arduino-avr-mightycore/variants/standard /home/antonio/.platformio/packages/framework-arduino-avr-mightycore/cores/MightyCore/new.cpp
avr-gcc -o .pio/build/MightyCore/FrameworkArduino/wiring.c.o -c -std=gnu11 -fno-fat-lto-objects -Os -Wall -ffunction-sections -fdata-sections -flto -mmcu=atmega1284p -DPLATFORMIO=50001 -DARDUINO_AVR_ATmega1284 -DF_CPU=27000000L -DARDUINO_ARCH_AVR -DARDUINO=10808 -I/home/antonio/.platformio/packages/framework-arduino-avr-mightycore/cores/MightyCore -I/home/antonio/.platformio/packages/framework-arduino-avr-mightycore/variants/standard /home/antonio/.platformio/packages/framework-arduino-avr-mightycore/cores/MightyCore/wiring.c
avr-gcc -o .pio/build/MightyCore/FrameworkArduino/wiring_analog.c.o -c -std=gnu11 -fno-fat-lto-objects -Os -Wall -ffunction-sections -fdata-sections -flto -mmcu=atmega1284p -DPLATFORMIO=50001 -DARDUINO_AVR_ATmega1284 -DF_CPU=27000000L -DARDUINO_ARCH_AVR -DARDUINO=10808 -I/home/antonio/.platformio/packages/framework-arduino-avr-mightycore/cores/MightyCore -I/home/antonio/.platformio/packages/framework-arduino-avr-mightycore/variants/standard /home/antonio/.platformio/packages/framework-arduino-avr-mightycore/cores/MightyCore/wiring_analog.c
avr-gcc -o .pio/build/MightyCore/FrameworkArduino/wiring_digital.c.o -c -std=gnu11 -fno-fat-lto-objects -Os -Wall -ffunction-sections -fdata-sections -flto -mmcu=atmega1284p -DPLATFORMIO=50001 -DARDUINO_AVR_ATmega1284 -DF_CPU=27000000L -DARDUINO_ARCH_AVR -DARDUINO=10808 -I/home/antonio/.platformio/packages/framework-arduino-avr-mightycore/cores/MightyCore -I/home/antonio/.platformio/packages/framework-arduino-avr-mightycore/variants/standard /home/antonio/.platformio/packages/framework-arduino-avr-mightycore/cores/MightyCore/wiring_digital.c
avr-g++ -o .pio/build/MightyCore/FrameworkArduino/wiring_extras.cpp.o -c -fno-exceptions -fno-threadsafe-statics -fpermissive -std=gnu++11 -Os -Wall -ffunction-sections -fdata-sections -flto -mmcu=atmega1284p -DPLATFORMIO=50001 -DARDUINO_AVR_ATmega1284 -DF_CPU=27000000L -DARDUINO_ARCH_AVR -DARDUINO=10808 -I/home/antonio/.platformio/packages/framework-arduino-avr-mightycore/cores/MightyCore -I/home/antonio/.platformio/packages/framework-arduino-avr-mightycore/variants/standard /home/antonio/.platformio/packages/framework-arduino-avr-mightycore/cores/MightyCore/wiring_extras.cpp
avr-gcc -x assembler-with-cpp -Os -Wall -ffunction-sections -fdata-sections -flto -mmcu=atmega1284p -DPLATFORMIO=50001 -DARDUINO_AVR_ATmega1284 -DF_CPU=27000000L -DARDUINO_ARCH_AVR -DARDUINO=10808 -I/home/antonio/.platformio/packages/framework-arduino-avr-mightycore/cores/MightyCore -I/home/antonio/.platformio/packages/framework-arduino-avr-mightycore/variants/standard -c -o .pio/build/MightyCore/FrameworkArduino/wiring_pulse.S.o /home/antonio/.platformio/packages/framework-arduino-avr-mightycore/cores/MightyCore/wiring_pulse.S
avr-gcc -o .pio/build/MightyCore/FrameworkArduino/wiring_pulse.c.o -c -std=gnu11 -fno-fat-lto-objects -Os -Wall -ffunction-sections -fdata-sections -flto -mmcu=atmega1284p -DPLATFORMIO=50001 -DARDUINO_AVR_ATmega1284 -DF_CPU=27000000L -DARDUINO_ARCH_AVR -DARDUINO=10808 -I/home/antonio/.platformio/packages/framework-arduino-avr-mightycore/cores/MightyCore -I/home/antonio/.platformio/packages/framework-arduino-avr-mightycore/variants/standard /home/antonio/.platformio/packages/framework-arduino-avr-mightycore/cores/MightyCore/wiring_pulse.c
avr-gcc -o .pio/build/MightyCore/FrameworkArduino/wiring_shift.c.o -c -std=gnu11 -fno-fat-lto-objects -Os -Wall -ffunction-sections -fdata-sections -flto -mmcu=atmega1284p -DPLATFORMIO=50001 -DARDUINO_AVR_ATmega1284 -DF_CPU=27000000L -DARDUINO_ARCH_AVR -DARDUINO=10808 -I/home/antonio/.platformio/packages/framework-arduino-avr-mightycore/cores/MightyCore -I/home/antonio/.platformio/packages/framework-arduino-avr-mightycore/variants/standard /home/antonio/.platformio/packages/framework-arduino-avr-mightycore/cores/MightyCore/wiring_shift.c
avr-gcc-ar rc .pio/build/MightyCore/libFrameworkArduino.a .pio/build/MightyCore/FrameworkArduino/CDC.cpp.o .pio/build/MightyCore/FrameworkArduino/HardwareSerial.cpp.o .pio/build/MightyCore/FrameworkArduino/HardwareSerial0.cpp.o .pio/build/MightyCore/FrameworkArduino/HardwareSerial1.cpp.o .pio/build/MightyCore/FrameworkArduino/HardwareSerial2.cpp.o .pio/build/MightyCore/FrameworkArduino/HardwareSerial3.cpp.o .pio/build/MightyCore/FrameworkArduino/IPAddress.cpp.o .pio/build/MightyCore/FrameworkArduino/PluggableUSB.cpp.o .pio/build/MightyCore/FrameworkArduino/Print.cpp.o .pio/build/MightyCore/FrameworkArduino/Stream.cpp.o .pio/build/MightyCore/FrameworkArduino/Tone.cpp.o .pio/build/MightyCore/FrameworkArduino/USBCore.cpp.o .pio/build/MightyCore/FrameworkArduino/WInterrupts.c.o .pio/build/MightyCore/FrameworkArduino/WMath.cpp.o .pio/build/MightyCore/FrameworkArduino/WString.cpp.o .pio/build/MightyCore/FrameworkArduino/abi.cpp.o .pio/build/MightyCore/FrameworkArduino/hooks.c.o .pio/build/MightyCore/FrameworkArduino/main.cpp.o .pio/build/MightyCore/FrameworkArduino/new.cpp.o .pio/build/MightyCore/FrameworkArduino/wiring.c.o .pio/build/MightyCore/FrameworkArduino/wiring_analog.c.o .pio/build/MightyCore/FrameworkArduino/wiring_digital.c.o .pio/build/MightyCore/FrameworkArduino/wiring_extras.cpp.o .pio/build/MightyCore/FrameworkArduino/wiring_pulse.S.o .pio/build/MightyCore/FrameworkArduino/wiring_pulse.c.o .pio/build/MightyCore/FrameworkArduino/wiring_shift.c.o
avr-gcc-ranlib .pio/build/MightyCore/libFrameworkArduino.a
avr-g++ -o .pio/build/MightyCore/firmware.elf -Os -mmcu=atmega1284p -Wl,--gc-sections -flto -fuse-linker-plugin .pio/build/MightyCore/src/ardvga.cpp.o -L.pio/build/MightyCore -Wl,--start-group .pio/build/MightyCore/libFrameworkArduinoVariant.a .pio/build/MightyCore/libFrameworkArduino.a -lm -Wl,--end-group
/tmp/ccBKOmMO.ltrans0.ltrans.o: In function `main':
<artificial>:(.text.startup+0xa4): undefined reference to `setup'
<artificial>:(.text.startup+0xac): undefined reference to `loop'
collect2: error: ld returned 1 exit status
*** [.pio/build/MightyCore/firmware.elf] Error 1
========================== [FAILED] Took 0.90 seconds ==========================
